/usr/bin/timeout: failed to run command ‘working/MIPSDontLie/bin/mips_simulator’: No such file or directory
